// Vitest Snapshot v1, https://vitest.dev/guide/snapshot.html

exports[`E2E test localize-store/Test.svelte > should render 1`] = `
<div>
  <div
    id="plain"
  >
    Test
	Attribute
  </div>
   
  <div
    id="with-vars"
  >
    Test ⁨with variables⁩
	Attribute ⁨with variables⁩
  </div>
  
</div>
`;

exports[`E2E test readme-example/Test.svelte > should render 1`] = `
<div>
  <strong>
    <!---->
    Hello, ⁨Anna⁩!
    
    <!---->
  </strong>
   
  <p>
    <!---->
    ⁨Anna⁩ ⁨added ⁨3⁩ new photos⁩ to ⁨her stream⁩.
    
    <!---->
  </p>
  
</div>
`;

exports[`E2E test regression-tests/empty-pattern-with-attributes/Test.svelte > should render 1`] = `
<div>
  <!---->
  <!---->
  Some text
  
  
  
</div>
`;
