// Vitest Snapshot v1, https://vitest.dev/guide/snapshot.html

exports[`E2E test localize-store/Test.svelte > should render 1`] = `
{
  "body": "<!--[--><div id="plain">Test
	Attribute</div> <div id="with-vars">Test ⁨with variables⁩
	Attribute ⁨with variables⁩</div><!--]-->",
  "head": "",
  "html": "<!--[--><div id="plain">Test
	Attribute</div> <div id="with-vars">Test ⁨with variables⁩
	Attribute ⁨with variables⁩</div><!--]-->",
}
`;

exports[`E2E test readme-example/Test.svelte > should render 1`] = `
{
  "body": "<!--[--><strong><!--[!-->Hello, ⁨Anna⁩!<!--]--><!----></strong> <p><!--[!-->⁨Anna⁩ ⁨added ⁨3⁩ new photos⁩ to ⁨her stream⁩.<!--]--><!----></p><!--]-->",
  "head": "",
  "html": "<!--[--><strong><!--[!-->Hello, ⁨Anna⁩!<!--]--><!----></strong> <p><!--[!-->⁨Anna⁩ ⁨added ⁨3⁩ new photos⁩ to ⁨her stream⁩.<!--]--><!----></p><!--]-->",
}
`;

exports[`E2E test regression-tests/empty-pattern-with-attributes/Test.svelte > should render 1`] = `
{
  "body": "<!--[--><!--[--><!---->Some text<!----><!--]--><!--]-->",
  "head": "",
  "html": "<!--[--><!--[--><!---->Some text<!----><!--]--><!--]-->",
}
`;
