// Vitest Snapshot v1, https://vitest.dev/guide/snapshot.html

exports[`Case empty-pattern-with-attributes/Test.svelte > should render 1`] = `
{
  "body": "<!--[--><!--[--><!---->Some text<!----><!--]--><!--]-->",
  "head": "",
  "html": "<!--[--><!--[--><!---->Some text<!----><!--]--><!--]-->",
}
`;

exports[`Case localize-store/Test.svelte > should render 1`] = `
{
  "body": "<!--[--><div id="plain">Test
	Attribute</div> <div id="with-vars">Test ⁨with variables⁩
	Attribute ⁨with variables⁩</div><!--]-->",
  "head": "",
  "html": "<!--[--><div id="plain">Test
	Attribute</div> <div id="with-vars">Test ⁨with variables⁩
	Attribute ⁨with variables⁩</div><!--]-->",
}
`;

exports[`Case overlay-rendering/Test.svelte > should render 1`] = `
{
  "body": "<!--[--><svelte-fluent-overlay style="display: contents;">This <a data-l10n-name="link" href="https://example.com/">link</a> is rendered with Overlay.</svelte-fluent-overlay><!--]-->",
  "head": "<!--[--><template><a data-l10n-name="link" href="https://example.com/"></a><!----></template><!--]-->",
  "html": "<!--[--><svelte-fluent-overlay style="display: contents;">This <a data-l10n-name="link" href="https://example.com/">link</a> is rendered with Overlay.</svelte-fluent-overlay><!--]-->",
}
`;

exports[`Case readme-example/Test.svelte > should render 1`] = `
{
  "body": "<!--[--><strong><!--[!-->Hello, ⁨Anna⁩!<!--]--><!----></strong> <p><!--[!-->⁨Anna⁩ ⁨added ⁨3⁩ new photos⁩ to ⁨her stream⁩.<!--]--><!----></p><!--]-->",
  "head": "",
  "html": "<!--[--><strong><!--[!-->Hello, ⁨Anna⁩!<!--]--><!----></strong> <p><!--[!-->⁨Anna⁩ ⁨added ⁨3⁩ new photos⁩ to ⁨her stream⁩.<!--]--><!----></p><!--]-->",
}
`;
